Archive member included to satisfy reference by file (symbol)

c:/program files (x86)/atmel/studio/7.0/toolchain/avr8/avr8-gnu-toolchain/bin/../lib/gcc/avr/5.4.0/avr5\libgcc.a(_exit.o)
                              C:/Program Files (x86)/Atmel/Studio/7.0/Packs/atmel/ATmega_DFP/1.2.209/gcc/dev/atmega644a/avr5/crtatmega644a.o (exit)
c:/program files (x86)/atmel/studio/7.0/toolchain/avr8/avr8-gnu-toolchain/bin/../lib/gcc/avr/5.4.0/avr5\libgcc.a(_copy_data.o)
                              main.o (__do_copy_data)
c:/program files (x86)/atmel/studio/7.0/toolchain/avr8/avr8-gnu-toolchain/bin/../lib/gcc/avr/5.4.0/avr5\libgcc.a(_clear_bss.o)
                              main.o (__do_clear_bss)
c:/program files (x86)/atmel/studio/7.0/toolchain/avr8/avr8-gnu-toolchain/bin/../lib/gcc/avr/5.4.0/../../../../avr/lib/avr5\libc.a(strcmp.o)
                              main.o (strcmp)

Discarded input sections

 .data          0x00000000        0x0 C:/Program Files (x86)/Atmel/Studio/7.0/Packs/atmel/ATmega_DFP/1.2.209/gcc/dev/atmega644a/avr5/crtatmega644a.o
 .bss           0x00000000        0x0 C:/Program Files (x86)/Atmel/Studio/7.0/Packs/atmel/ATmega_DFP/1.2.209/gcc/dev/atmega644a/avr5/crtatmega644a.o
 .text          0x00000000        0x0 main.o
 .data          0x00000000        0x0 main.o
 .bss           0x00000000        0x0 main.o
 .text._Z11i2c_rd_byteh
                0x00000000       0x70 main.o
 .text._Z14i2c_open_wr_16hj
                0x00000000       0x42 main.o
 .text._Z11i2c_open_rdhh
                0x00000000       0x42 main.o
 .text._Z14i2c_open_rd_16hj
                0x00000000       0x4e main.o
 .text._Z7lcd_offv
                0x00000000       0x26 main.o
 .text._Z7cur_offv
                0x00000000       0x26 main.o
 .text._Z12cur_blink_onv
                0x00000000       0x26 main.o
 .text._Z10startTimerv
                0x00000000        0xa main.o
 .text._Z7timesUPv
                0x00000000       0x14 main.o
 .bss.stejny    0x00000000        0x1 main.o
 .text          0x00000000        0x0 c:/program files (x86)/atmel/studio/7.0/toolchain/avr8/avr8-gnu-toolchain/bin/../lib/gcc/avr/5.4.0/avr5\libgcc.a(_exit.o)
 .data          0x00000000        0x0 c:/program files (x86)/atmel/studio/7.0/toolchain/avr8/avr8-gnu-toolchain/bin/../lib/gcc/avr/5.4.0/avr5\libgcc.a(_exit.o)
 .bss           0x00000000        0x0 c:/program files (x86)/atmel/studio/7.0/toolchain/avr8/avr8-gnu-toolchain/bin/../lib/gcc/avr/5.4.0/avr5\libgcc.a(_exit.o)
 .text.libgcc.mul
                0x00000000        0x0 c:/program files (x86)/atmel/studio/7.0/toolchain/avr8/avr8-gnu-toolchain/bin/../lib/gcc/avr/5.4.0/avr5\libgcc.a(_exit.o)
 .text.libgcc.div
                0x00000000        0x0 c:/program files (x86)/atmel/studio/7.0/toolchain/avr8/avr8-gnu-toolchain/bin/../lib/gcc/avr/5.4.0/avr5\libgcc.a(_exit.o)
 .text.libgcc   0x00000000        0x0 c:/program files (x86)/atmel/studio/7.0/toolchain/avr8/avr8-gnu-toolchain/bin/../lib/gcc/avr/5.4.0/avr5\libgcc.a(_exit.o)
 .text.libgcc.prologue
                0x00000000        0x0 c:/program files (x86)/atmel/studio/7.0/toolchain/avr8/avr8-gnu-toolchain/bin/../lib/gcc/avr/5.4.0/avr5\libgcc.a(_exit.o)
 .text.libgcc.builtins
                0x00000000        0x0 c:/program files (x86)/atmel/studio/7.0/toolchain/avr8/avr8-gnu-toolchain/bin/../lib/gcc/avr/5.4.0/avr5\libgcc.a(_exit.o)
 .text.libgcc.fmul
                0x00000000        0x0 c:/program files (x86)/atmel/studio/7.0/toolchain/avr8/avr8-gnu-toolchain/bin/../lib/gcc/avr/5.4.0/avr5\libgcc.a(_exit.o)
 .text.libgcc.fixed
                0x00000000        0x0 c:/program files (x86)/atmel/studio/7.0/toolchain/avr8/avr8-gnu-toolchain/bin/../lib/gcc/avr/5.4.0/avr5\libgcc.a(_exit.o)
 .text          0x00000000        0x0 c:/program files (x86)/atmel/studio/7.0/toolchain/avr8/avr8-gnu-toolchain/bin/../lib/gcc/avr/5.4.0/avr5\libgcc.a(_copy_data.o)
 .data          0x00000000        0x0 c:/program files (x86)/atmel/studio/7.0/toolchain/avr8/avr8-gnu-toolchain/bin/../lib/gcc/avr/5.4.0/avr5\libgcc.a(_copy_data.o)
 .bss           0x00000000        0x0 c:/program files (x86)/atmel/studio/7.0/toolchain/avr8/avr8-gnu-toolchain/bin/../lib/gcc/avr/5.4.0/avr5\libgcc.a(_copy_data.o)
 .text.libgcc.mul
                0x00000000        0x0 c:/program files (x86)/atmel/studio/7.0/toolchain/avr8/avr8-gnu-toolchain/bin/../lib/gcc/avr/5.4.0/avr5\libgcc.a(_copy_data.o)
 .text.libgcc.div
                0x00000000        0x0 c:/program files (x86)/atmel/studio/7.0/toolchain/avr8/avr8-gnu-toolchain/bin/../lib/gcc/avr/5.4.0/avr5\libgcc.a(_copy_data.o)
 .text.libgcc   0x00000000        0x0 c:/program files (x86)/atmel/studio/7.0/toolchain/avr8/avr8-gnu-toolchain/bin/../lib/gcc/avr/5.4.0/avr5\libgcc.a(_copy_data.o)
 .text.libgcc.prologue
                0x00000000        0x0 c:/program files (x86)/atmel/studio/7.0/toolchain/avr8/avr8-gnu-toolchain/bin/../lib/gcc/avr/5.4.0/avr5\libgcc.a(_copy_data.o)
 .text.libgcc.builtins
                0x00000000        0x0 c:/program files (x86)/atmel/studio/7.0/toolchain/avr8/avr8-gnu-toolchain/bin/../lib/gcc/avr/5.4.0/avr5\libgcc.a(_copy_data.o)
 .text.libgcc.fmul
                0x00000000        0x0 c:/program files (x86)/atmel/studio/7.0/toolchain/avr8/avr8-gnu-toolchain/bin/../lib/gcc/avr/5.4.0/avr5\libgcc.a(_copy_data.o)
 .text.libgcc.fixed
                0x00000000        0x0 c:/program files (x86)/atmel/studio/7.0/toolchain/avr8/avr8-gnu-toolchain/bin/../lib/gcc/avr/5.4.0/avr5\libgcc.a(_copy_data.o)
 .text          0x00000000        0x0 c:/program files (x86)/atmel/studio/7.0/toolchain/avr8/avr8-gnu-toolchain/bin/../lib/gcc/avr/5.4.0/avr5\libgcc.a(_clear_bss.o)
 .data          0x00000000        0x0 c:/program files (x86)/atmel/studio/7.0/toolchain/avr8/avr8-gnu-toolchain/bin/../lib/gcc/avr/5.4.0/avr5\libgcc.a(_clear_bss.o)
 .bss           0x00000000        0x0 c:/program files (x86)/atmel/studio/7.0/toolchain/avr8/avr8-gnu-toolchain/bin/../lib/gcc/avr/5.4.0/avr5\libgcc.a(_clear_bss.o)
 .text.libgcc.mul
                0x00000000        0x0 c:/program files (x86)/atmel/studio/7.0/toolchain/avr8/avr8-gnu-toolchain/bin/../lib/gcc/avr/5.4.0/avr5\libgcc.a(_clear_bss.o)
 .text.libgcc.div
                0x00000000        0x0 c:/program files (x86)/atmel/studio/7.0/toolchain/avr8/avr8-gnu-toolchain/bin/../lib/gcc/avr/5.4.0/avr5\libgcc.a(_clear_bss.o)
 .text.libgcc   0x00000000        0x0 c:/program files (x86)/atmel/studio/7.0/toolchain/avr8/avr8-gnu-toolchain/bin/../lib/gcc/avr/5.4.0/avr5\libgcc.a(_clear_bss.o)
 .text.libgcc.prologue
                0x00000000        0x0 c:/program files (x86)/atmel/studio/7.0/toolchain/avr8/avr8-gnu-toolchain/bin/../lib/gcc/avr/5.4.0/avr5\libgcc.a(_clear_bss.o)
 .text.libgcc.builtins
                0x00000000        0x0 c:/program files (x86)/atmel/studio/7.0/toolchain/avr8/avr8-gnu-toolchain/bin/../lib/gcc/avr/5.4.0/avr5\libgcc.a(_clear_bss.o)
 .text.libgcc.fmul
                0x00000000        0x0 c:/program files (x86)/atmel/studio/7.0/toolchain/avr8/avr8-gnu-toolchain/bin/../lib/gcc/avr/5.4.0/avr5\libgcc.a(_clear_bss.o)
 .text.libgcc.fixed
                0x00000000        0x0 c:/program files (x86)/atmel/studio/7.0/toolchain/avr8/avr8-gnu-toolchain/bin/../lib/gcc/avr/5.4.0/avr5\libgcc.a(_clear_bss.o)
 .text          0x00000000        0x0 c:/program files (x86)/atmel/studio/7.0/toolchain/avr8/avr8-gnu-toolchain/bin/../lib/gcc/avr/5.4.0/../../../../avr/lib/avr5\libc.a(strcmp.o)
 .data          0x00000000        0x0 c:/program files (x86)/atmel/studio/7.0/toolchain/avr8/avr8-gnu-toolchain/bin/../lib/gcc/avr/5.4.0/../../../../avr/lib/avr5\libc.a(strcmp.o)
 .bss           0x00000000        0x0 c:/program files (x86)/atmel/studio/7.0/toolchain/avr8/avr8-gnu-toolchain/bin/../lib/gcc/avr/5.4.0/../../../../avr/lib/avr5\libc.a(strcmp.o)

Memory Configuration

Name             Origin             Length             Attributes
text             0x00000000         0x00020000         xr
data             0x00800060         0x0000ffa0         rw !x
eeprom           0x00810000         0x00010000         rw !x
fuse             0x00820000         0x00000003         rw !x
lock             0x00830000         0x00000400         rw !x
signature        0x00840000         0x00000400         rw !x
user_signatures  0x00850000         0x00000400         rw !x
*default*        0x00000000         0xffffffff

Linker script and memory map

Address of section .data set to 0x800100
LOAD C:/Program Files (x86)/Atmel/Studio/7.0/Packs/atmel/ATmega_DFP/1.2.209/gcc/dev/atmega644a/avr5/crtatmega644a.o
LOAD main.o
START GROUP
LOAD c:/program files (x86)/atmel/studio/7.0/toolchain/avr8/avr8-gnu-toolchain/bin/../lib/gcc/avr/5.4.0/../../../../avr/lib/avr5\libm.a
END GROUP
LOAD c:/program files (x86)/atmel/studio/7.0/toolchain/avr8/avr8-gnu-toolchain/bin/../lib/gcc/avr/5.4.0/avr5\libgcc.a
LOAD c:/program files (x86)/atmel/studio/7.0/toolchain/avr8/avr8-gnu-toolchain/bin/../lib/gcc/avr/5.4.0/../../../../avr/lib/avr5\libm.a
START GROUP
LOAD c:/program files (x86)/atmel/studio/7.0/toolchain/avr8/avr8-gnu-toolchain/bin/../lib/gcc/avr/5.4.0/avr5\libgcc.a
LOAD c:/program files (x86)/atmel/studio/7.0/toolchain/avr8/avr8-gnu-toolchain/bin/../lib/gcc/avr/5.4.0/../../../../avr/lib/avr5\libm.a
LOAD c:/program files (x86)/atmel/studio/7.0/toolchain/avr8/avr8-gnu-toolchain/bin/../lib/gcc/avr/5.4.0/../../../../avr/lib/avr5\libc.a
LOAD C:/Program Files (x86)/Atmel/Studio/7.0/Packs/atmel/ATmega_DFP/1.2.209/gcc/dev/atmega644a/avr5\libatmega644a.a
END GROUP
                0x00020000                __TEXT_REGION_LENGTH__ = DEFINED (__TEXT_REGION_LENGTH__)?__TEXT_REGION_LENGTH__:0x20000
                0x0000ffa0                __DATA_REGION_LENGTH__ = DEFINED (__DATA_REGION_LENGTH__)?__DATA_REGION_LENGTH__:0xffa0
                0x00010000                __EEPROM_REGION_LENGTH__ = DEFINED (__EEPROM_REGION_LENGTH__)?__EEPROM_REGION_LENGTH__:0x10000
                [0x00000003]                __FUSE_REGION_LENGTH__ = DEFINED (__FUSE_REGION_LENGTH__)?__FUSE_REGION_LENGTH__:0x400
                0x00000400                __LOCK_REGION_LENGTH__ = DEFINED (__LOCK_REGION_LENGTH__)?__LOCK_REGION_LENGTH__:0x400
                0x00000400                __SIGNATURE_REGION_LENGTH__ = DEFINED (__SIGNATURE_REGION_LENGTH__)?__SIGNATURE_REGION_LENGTH__:0x400
                0x00000400                __USER_SIGNATURE_REGION_LENGTH__ = DEFINED (__USER_SIGNATURE_REGION_LENGTH__)?__USER_SIGNATURE_REGION_LENGTH__:0x400

.hash
 *(.hash)

.dynsym
 *(.dynsym)

.dynstr
 *(.dynstr)

.gnu.version
 *(.gnu.version)

.gnu.version_d
 *(.gnu.version_d)

.gnu.version_r
 *(.gnu.version_r)

.rel.init
 *(.rel.init)

.rela.init
 *(.rela.init)

.rel.text
 *(.rel.text)
 *(.rel.text.*)
 *(.rel.gnu.linkonce.t*)

.rela.text
 *(.rela.text)
 *(.rela.text.*)
 *(.rela.gnu.linkonce.t*)

.rel.fini
 *(.rel.fini)

.rela.fini
 *(.rela.fini)

.rel.rodata
 *(.rel.rodata)
 *(.rel.rodata.*)
 *(.rel.gnu.linkonce.r*)

.rela.rodata
 *(.rela.rodata)
 *(.rela.rodata.*)
 *(.rela.gnu.linkonce.r*)

.rel.data
 *(.rel.data)
 *(.rel.data.*)
 *(.rel.gnu.linkonce.d*)

.rela.data
 *(.rela.data)
 *(.rela.data.*)
 *(.rela.gnu.linkonce.d*)

.rel.ctors
 *(.rel.ctors)

.rela.ctors
 *(.rela.ctors)

.rel.dtors
 *(.rel.dtors)

.rela.dtors
 *(.rela.dtors)

.rel.got
 *(.rel.got)

.rela.got
 *(.rela.got)

.rel.bss
 *(.rel.bss)

.rela.bss
 *(.rela.bss)

.rel.plt
 *(.rel.plt)

.rela.plt
 *(.rela.plt)

.text           0x00000000     0x113e
 *(.vectors)
 .vectors       0x00000000       0x7c C:/Program Files (x86)/Atmel/Studio/7.0/Packs/atmel/ATmega_DFP/1.2.209/gcc/dev/atmega644a/avr5/crtatmega644a.o
                0x00000000                __vector_default
                0x00000000                __vectors
 *(.vectors)
 *(.progmem.gcc*)
                0x0000007c                . = ALIGN (0x2)
                0x0000007c                __trampolines_start = .
 *(.trampolines)
 .trampolines   0x0000007c        0x0 linker stubs
 *(.trampolines*)
                0x0000007c                __trampolines_end = .
 *libprintf_flt.a:*(.progmem.data)
 *libc.a:*(.progmem.data)
 *(.progmem*)
                0x0000007c                . = ALIGN (0x2)
 *(.jumptables)
 *(.jumptables*)
 *(.lowtext)
 *(.lowtext*)
                0x0000007c                __ctors_start = .
 *(.ctors)
                0x0000007c                __ctors_end = .
                0x0000007c                __dtors_start = .
 *(.dtors)
                0x0000007c                __dtors_end = .
 SORT(*)(.ctors)
 SORT(*)(.dtors)
 *(.init0)
 .init0         0x0000007c        0x0 C:/Program Files (x86)/Atmel/Studio/7.0/Packs/atmel/ATmega_DFP/1.2.209/gcc/dev/atmega644a/avr5/crtatmega644a.o
                0x0000007c                __init
 *(.init0)
 *(.init1)
 *(.init1)
 *(.init2)
 .init2         0x0000007c        0xc C:/Program Files (x86)/Atmel/Studio/7.0/Packs/atmel/ATmega_DFP/1.2.209/gcc/dev/atmega644a/avr5/crtatmega644a.o
 *(.init2)
 *(.init3)
 *(.init3)
 *(.init4)
 .init4         0x00000088       0x16 c:/program files (x86)/atmel/studio/7.0/toolchain/avr8/avr8-gnu-toolchain/bin/../lib/gcc/avr/5.4.0/avr5\libgcc.a(_copy_data.o)
                0x00000088                __do_copy_data
 .init4         0x0000009e       0x10 c:/program files (x86)/atmel/studio/7.0/toolchain/avr8/avr8-gnu-toolchain/bin/../lib/gcc/avr/5.4.0/avr5\libgcc.a(_clear_bss.o)
                0x0000009e                __do_clear_bss
 *(.init4)
 *(.init5)
 *(.init5)
 *(.init6)
 *(.init6)
 *(.init7)
 *(.init7)
 *(.init8)
 *(.init8)
 *(.init9)
 .init9         0x000000ae        0x8 C:/Program Files (x86)/Atmel/Studio/7.0/Packs/atmel/ATmega_DFP/1.2.209/gcc/dev/atmega644a/avr5/crtatmega644a.o
 *(.init9)
 *(.text)
 .text          0x000000b6        0x4 C:/Program Files (x86)/Atmel/Studio/7.0/Packs/atmel/ATmega_DFP/1.2.209/gcc/dev/atmega644a/avr5/crtatmega644a.o
                0x000000b6                __vector_22
                0x000000b6                __vector_28
                0x000000b6                __vector_1
                0x000000b6                __vector_24
                0x000000b6                __vector_12
                0x000000b6                __bad_interrupt
                0x000000b6                __vector_6
                0x000000b6                __vector_3
                0x000000b6                __vector_23
                0x000000b6                __vector_30
                0x000000b6                __vector_25
                0x000000b6                __vector_11
                0x000000b6                __vector_17
                0x000000b6                __vector_19
                0x000000b6                __vector_7
                0x000000b6                __vector_27
                0x000000b6                __vector_5
                0x000000b6                __vector_4
                0x000000b6                __vector_9
                0x000000b6                __vector_2
                0x000000b6                __vector_21
                0x000000b6                __vector_15
                0x000000b6                __vector_29
                0x000000b6                __vector_8
                0x000000b6                __vector_26
                0x000000b6                __vector_14
                0x000000b6                __vector_10
                0x000000b6                __vector_16
                0x000000b6                __vector_18
                0x000000ba                . = ALIGN (0x2)
 *(.text.*)
 .text._Z8i2c_initv
                0x000000ba        0xa main.o
                0x000000ba                _Z8i2c_initv
 .text._Z9i2c_startv
                0x000000c4       0x36 main.o
                0x000000c4                _Z9i2c_startv
 .text._Z8i2c_stopv
                0x000000fa       0x2a main.o
                0x000000fa                _Z8i2c_stopv
 .text._Z11i2c_wr_byteh
                0x00000124       0x6c main.o
                0x00000124                _Z11i2c_wr_byteh
 .text._Z11i2c_open_wrhh
                0x00000190       0x36 main.o
                0x00000190                _Z11i2c_open_wrhh
 .text._Z7lcd_clrv
                0x000001c6       0x26 main.o
                0x000001c6                _Z7lcd_clrv
 .text._Z6lcd_onv
                0x000001ec       0x4a main.o
                0x000001ec                _Z6lcd_onv
 .text._Z6cur_onv
                0x00000236       0x26 main.o
                0x00000236                _Z6cur_onv
 .text._Z13cur_blink_offv
                0x0000025c       0x26 main.o
                0x0000025c                _Z13cur_blink_offv
 .text._Z12set_row1_pozh
                0x00000282       0x2e main.o
                0x00000282                _Z12set_row1_pozh
 .text._Z12set_row2_pozh
                0x000002b0       0x2e main.o
                0x000002b0                _Z12set_row2_pozh
 .text._Z9text_row1Pc
                0x000002de       0xcc main.o
                0x000002de                _Z9text_row1Pc
 .text._Z9text_row2Pc
                0x000003aa       0xcc main.o
                0x000003aa                _Z9text_row2Pc
 .text._Z7kb_initv
                0x00000476        0x8 main.o
                0x00000476                _Z7kb_initv
 .text._Z11kb_read_rowh
                0x0000047e       0x1c main.o
                0x0000047e                _Z11kb_read_rowh
 .text._Z13kb_decode_rowhhhhh
                0x0000049a       0x4a main.o
                0x0000049a                _Z13kb_decode_rowhhhhh
 .text._Z12kb_read_portv
                0x000004e4       0x8a main.o
                0x000004e4                _Z12kb_read_portv
 .text._Z12kb_on_timer1v
                0x0000056e       0xa4 main.o
                0x0000056e                _Z12kb_on_timer1v
 .text.__vector_20
                0x00000612       0x66 main.o
                0x00000612                __vector_20
 .text.__vector_13
                0x00000678       0x2e main.o
                0x00000678                __vector_13
 .text._Z11EEPROM_readj
                0x000006a6        0xe main.o
                0x000006a6                _Z11EEPROM_readj
 .text._Z12EEPROM_writejh
                0x000006b4       0x10 main.o
                0x000006b4                _Z12EEPROM_writejh
 .text._Z12showMenuTextv
                0x000006c4       0x12 main.o
                0x000006c4                _Z12showMenuTextv
 .text._Z12clearDisplayv
                0x000006d6       0x12 main.o
                0x000006d6                _Z12clearDisplayv
 .text._Z7savePinPKc
                0x000006e8       0x2c main.o
                0x000006e8                _Z7savePinPKc
 .text._Z12FirstStartUpv
                0x00000714      0x102 main.o
                0x00000714                _Z12FirstStartUpv
 .text._Z10ComparePinPKc
                0x00000816       0x14 main.o
                0x00000816                _Z10ComparePinPKc
 .text._Z16SetRegistersInitv
                0x0000082a       0x8a main.o
                0x0000082a                _Z16SetRegistersInitv
 .text._Z8OpenLockv
                0x000008b4       0x2a main.o
                0x000008b4                _Z8OpenLockv
 .text._Z12AccessDeniedv
                0x000008de       0x24 main.o
                0x000008de                _Z12AccessDeniedv
 .text._Z12findFreeSlotv
                0x00000902       0x2c main.o
                0x00000902                _Z12findFreeSlotv
 .text._Z8saveChipPci
                0x0000092e       0x84 main.o
                0x0000092e                _Z8saveChipPci
 .text._Z8readChipiPc
                0x000009b2       0x74 main.o
                0x000009b2                _Z8readChipiPc
 .text._Z12isChipStoredPc
                0x00000a26       0x72 main.o
                0x00000a26                _Z12isChipStoredPc
 .text._Z7AddChipv
                0x00000a98       0xf6 main.o
                0x00000a98                _Z7AddChipv
 .text._Z10RemoveChipv
                0x00000b8e      0x122 main.o
                0x00000b8e                _Z10RemoveChipv
 .text._Z18CheckForOpenByRFIDRb
                0x00000cb0       0x80 main.o
                0x00000cb0                _Z18CheckForOpenByRFIDRb
 .text._Z10verifyUserv
                0x00000d30      0x118 main.o
                0x00000d30                _Z10verifyUserv
 .text._Z7restartv
                0x00000e48       0x16 main.o
                0x00000e48                _Z7restartv
 .text.main     0x00000e5e      0x2ca main.o
                0x00000e5e                main
 .text.avr-libc
                0x00001128       0x12 c:/program files (x86)/atmel/studio/7.0/toolchain/avr8/avr8-gnu-toolchain/bin/../lib/gcc/avr/5.4.0/../../../../avr/lib/avr5\libc.a(strcmp.o)
                0x00001128                strcmp
                0x0000113a                . = ALIGN (0x2)
 *(.fini9)
 .fini9         0x0000113a        0x0 c:/program files (x86)/atmel/studio/7.0/toolchain/avr8/avr8-gnu-toolchain/bin/../lib/gcc/avr/5.4.0/avr5\libgcc.a(_exit.o)
                0x0000113a                _exit
                0x0000113a                exit
 *(.fini9)
 *(.fini8)
 *(.fini8)
 *(.fini7)
 *(.fini7)
 *(.fini6)
 *(.fini6)
 *(.fini5)
 *(.fini5)
 *(.fini4)
 *(.fini4)
 *(.fini3)
 *(.fini3)
 *(.fini2)
 *(.fini2)
 *(.fini1)
 *(.fini1)
 *(.fini0)
 .fini0         0x0000113a        0x4 c:/program files (x86)/atmel/studio/7.0/toolchain/avr8/avr8-gnu-toolchain/bin/../lib/gcc/avr/5.4.0/avr5\libgcc.a(_exit.o)
 *(.fini0)
                0x0000113e                _etext = .

.data           0x00800100       0xde load address 0x0000113e
                0x00800100                PROVIDE (__data_start, .)
 *(.data)
 *(.data*)
 *(.gnu.linkonce.d*)
 *(.rodata)
 *(.rodata*)
 .rodata.str1.1
                0x00800100       0xde main.o
                                 0xdf (size before relaxing)
 *(.gnu.linkonce.r*)
                0x008001de                . = ALIGN (0x2)
                0x008001de                _edata = .
                0x008001de                PROVIDE (__data_end, .)

.bss            0x008001de       0x22
                0x008001de                PROVIDE (__bss_start, .)
 *(.bss)
 *(.bss*)
 .bss.idle_time
                0x008001de        0x2 main.o
                0x008001de                idle_time
 .bss.pristupovyPin
                0x008001e0        0x7 main.o
                0x008001e0                pristupovyPin
 .bss.data_OK   0x008001e7        0x1 main.o
                0x008001e7                data_OK
 .bss.start_OK  0x008001e8        0x1 main.o
                0x008001e8                start_OK
 .bss.i         0x008001e9        0x1 main.o
                0x008001e9                i
 .bss.data_prijata
                0x008001ea       0x10 main.o
                0x008001ea                data_prijata
 .bss.KB_DEL1   0x008001fa        0x2 main.o
                0x008001fa                KB_DEL1
 .bss.KB_LAST   0x008001fc        0x1 main.o
                0x008001fc                KB_LAST
 .bss.KB_CNTR   0x008001fd        0x1 main.o
                0x008001fd                KB_CNTR
 .bss.KB_CMD2   0x008001fe        0x1 main.o
                0x008001fe                KB_CMD2
 .bss.KB_CMD1   0x008001ff        0x1 main.o
                0x008001ff                KB_CMD1
 *(COMMON)
                0x00800200                PROVIDE (__bss_end, .)
                0x0000113e                __data_load_start = LOADADDR (.data)
                0x0000121c                __data_load_end = (__data_load_start + SIZEOF (.data))

.noinit         0x00800200        0x0
                [!provide]                PROVIDE (__noinit_start, .)
 *(.noinit*)
                [!provide]                PROVIDE (__noinit_end, .)
                0x00800200                _end = .
                [!provide]                PROVIDE (__heap_start, .)

.eeprom         0x00810000        0x0
 *(.eeprom*)
                0x00810000                __eeprom_end = .

.fuse
 *(.fuse)
 *(.lfuse)
 *(.hfuse)
 *(.efuse)

.lock
 *(.lock*)

.signature
 *(.signature*)

.user_signatures
 *(.user_signatures*)

.stab
 *(.stab)

.stabstr
 *(.stabstr)

.stab.excl
 *(.stab.excl)

.stab.exclstr
 *(.stab.exclstr)

.stab.index
 *(.stab.index)

.stab.indexstr
 *(.stab.indexstr)

.comment        0x00000000       0x30
 *(.comment)
 .comment       0x00000000       0x30 main.o
                                 0x31 (size before relaxing)

.note.gnu.avr.deviceinfo
                0x00000000       0x40
 .note.gnu.avr.deviceinfo
                0x00000000       0x40 C:/Program Files (x86)/Atmel/Studio/7.0/Packs/atmel/ATmega_DFP/1.2.209/gcc/dev/atmega644a/avr5/crtatmega644a.o

.note.gnu.build-id
 *(.note.gnu.build-id)

.debug
 *(.debug)

.line
 *(.line)

.debug_srcinfo
 *(.debug_srcinfo)

.debug_sfnames
 *(.debug_sfnames)

.debug_aranges  0x00000000      0x1a0
 *(.debug_aranges)
 .debug_aranges
                0x00000000      0x1a0 main.o

.debug_pubnames
 *(.debug_pubnames)

.debug_info     0x00000000     0x2e5a
 *(.debug_info .gnu.linkonce.wi.*)
 .debug_info    0x00000000      0x6cc C:/Program Files (x86)/Atmel/Studio/7.0/Packs/atmel/ATmega_DFP/1.2.209/gcc/dev/atmega644a/avr5/crtatmega644a.o
 .debug_info    0x000006cc     0x278e main.o

.debug_abbrev   0x00000000      0xa46
 *(.debug_abbrev)
 .debug_abbrev  0x00000000      0x66e C:/Program Files (x86)/Atmel/Studio/7.0/Packs/atmel/ATmega_DFP/1.2.209/gcc/dev/atmega644a/avr5/crtatmega644a.o
 .debug_abbrev  0x0000066e      0x3d8 main.o

.debug_line     0x00000000     0x15b6
 *(.debug_line .debug_line.* .debug_line_end)
 .debug_line    0x00000000      0x151 C:/Program Files (x86)/Atmel/Studio/7.0/Packs/atmel/ATmega_DFP/1.2.209/gcc/dev/atmega644a/avr5/crtatmega644a.o
 .debug_line    0x00000151     0x1465 main.o

.debug_frame    0x00000000      0x54c
 *(.debug_frame)
 .debug_frame   0x00000000      0x54c main.o

.debug_str      0x00000000      0xa8f
 *(.debug_str)
 .debug_str     0x00000000      0x252 C:/Program Files (x86)/Atmel/Studio/7.0/Packs/atmel/ATmega_DFP/1.2.209/gcc/dev/atmega644a/avr5/crtatmega644a.o
 .debug_str     0x00000252      0x83d main.o
                                0x876 (size before relaxing)

.debug_loc      0x00000000     0x2549
 *(.debug_loc)
 .debug_loc     0x00000000     0x2549 main.o

.debug_macinfo
 *(.debug_macinfo)

.debug_weaknames
 *(.debug_weaknames)

.debug_funcnames
 *(.debug_funcnames)

.debug_typenames
 *(.debug_typenames)

.debug_varnames
 *(.debug_varnames)

.debug_pubtypes
 *(.debug_pubtypes)

.debug_ranges   0x00000000      0x208
 *(.debug_ranges)
 .debug_ranges  0x00000000      0x208 main.o

.debug_macro
 *(.debug_macro)
OUTPUT(mpaulas_itb4.elf elf32-avr)
LOAD linker stubs
